Java HotSpot(TM) 64-Bit Server VM (25.221-b11) for bsd-amd64 JRE (1.8.0_221-b11), built on Jul  4 2019 04:36:22 by "java_re" with gcc 4.2.1 (Based on Apple Inc. build 5658) (LLVM build 2336.11.00)
Memory: 4k page, physical 16777216k(1759332k free)

/proc/meminfo:

CommandLine flags: -XX:CompressedClassSpaceSize=327155712 -XX:GCLogFileSize=104857600 -XX:+HeapDumpOnOutOfMemoryError -XX:HeapDumpPath=/Users/wangbiao/github/my/SpringCloudAlibabaLearn/alibaba-nacos-provider-server2/target/test/nacos2/logs/java_heapdump.hprof -XX:InitialHeapSize=2147483648 -XX:MaxHeapSize=2147483648 -XX:MaxMetaspaceSize=335544320 -XX:MaxNewSize=1073741824 -XX:MetaspaceSize=134217728 -XX:NewSize=1073741824 -XX:NumberOfGCLogFiles=10 -XX:-OmitStackTraceInFastThrow -XX:+PrintGC -XX:+PrintGCDateStamps -XX:+PrintGCDetails -XX:+PrintGCTimeStamps -XX:+UseCompressedClassPointers -XX:+UseCompressedOops -XX:+UseGCLogFileRotation -XX:-UseLargePages -XX:+UseParallelGC 
2020-01-10T10:08:47.390-0800: 2.681: [GC (Allocation Failure) [PSYoungGen: 786432K->10208K(917504K)] 786432K->10304K(1966080K), 0.0113190 secs] [Times: user=0.07 sys=0.01, real=0.01 secs] 
2020-01-10T10:08:49.968-0800: 5.258: [GC (Allocation Failure) [PSYoungGen: 796640K->14996K(917504K)] 796736K->15108K(1966080K), 0.0147641 secs] [Times: user=0.10 sys=0.03, real=0.02 secs] 
2020-01-10T10:09:03.146-0800: 18.437: [GC (Allocation Failure) [PSYoungGen: 801428K->30098K(917504K)] 801540K->30234K(1966080K), 0.0264256 secs] [Times: user=0.16 sys=0.04, real=0.03 secs] 
Heap
 PSYoungGen      total 917504K, used 233708K [0x00000007ac800000, 0x00000007ec800000, 0x00000007ec800000)
  eden space 786432K, 25% used [0x00000007ac800000,0x00000007b8ed6960,0x00000007dc800000)
  from space 131072K, 22% used [0x00000007dc800000,0x00000007de564920,0x00000007e4800000)
  to   space 131072K, 0% used [0x00000007e4800000,0x00000007e4800000,0x00000007ec800000)
 ParOldGen       total 1048576K, used 136K [0x000000076c800000, 0x00000007ac800000, 0x00000007ac800000)
  object space 1048576K, 0% used [0x000000076c800000,0x000000076c822010,0x00000007ac800000)
 Metaspace       used 48902K, capacity 50804K, committed 50944K, reserved 1093632K
  class space    used 6038K, capacity 6390K, committed 6400K, reserved 1048576K
